// Vitest Snapshot v1, https://vitest.dev/guide/snapshot.html

exports[`NotFoundPage > It matches the snapshot 1`] = `
<DocumentFragment>
  <div
    class="sc-gKckzE jLgfUX"
    style="align-items: center; justify-content: center; gap: 12px; text-align: center; padding: 24px;"
  >
    <h2
      class="MuiTypography-root MuiTypography-h2 css-fjhyj0-MuiTypography-root"
    >
      404
    </h2>
    <p
      class="MuiTypography-root MuiTypography-body1 css-187h49r-MuiTypography-root"
    >
      That page does not exist. Please check the URL or return to the bulletin board.
    </p>
    <a
      class="MuiButtonBase-root MuiButton-root MuiButton-contained MuiButton-sizeMedium MuiButton-colorPrimary css-k8xv5o-MuiButtonBase-root-MuiButton-root"
      data-discover="true"
      href="/"
      tabindex="0"
    >
      To the board
    </a>
  </div>
</DocumentFragment>
`;
